2024-06-22T11:27:57  test: strengthen coverage
2024-07-03T18:44:04  chore: tune defaults
2024-08-07T13:01:11  refactor: simplify helper
2024-08-26T08:18:18  chore: routine maintenance
2024-09-06T15:35:25  docs: clarify usage notes
2024-10-12T10:52:32  test: add edge case
2024-10-30T17:09:39  refactor: tidy internals
2024-12-05T12:26:46  fix: handle empty input gracefully
2024-12-16T19:43:53  perf: micro-optimization
2025-01-28T14:00:00  style: formatting
2025-02-08T09:17:07  chore: bump dev tooling
2025-03-16T16:34:14  docs: expand examples
2025-04-03T11:51:21  test: strengthen coverage
2025-04-15T18:08:28  chore: tune defaults
2025-05-20T13:25:35  refactor: simplify helper
2025-06-08T08:42:42  chore: routine maintenance
2025-07-13T15:59:49  docs: clarify usage notes
2025-07-31T10:16:56  test: add edge case
2025-09-05T17:33:03  refactor: tidy internals
2025-09-16T12:50:10  fix: handle empty input gracefully
2025-10-05T19:07:17  perf: micro-optimization
2025-11-09T14:24:24  style: formatting
2025-11-21T09:41:31  chore: bump dev tooling
2026-01-02T16:58:38  docs: expand examples
2026-01-14T11:15:45  test: strengthen coverage
2026-02-18T18:32:52  chore: tune defaults
2026-03-09T13:49:59  refactor: simplify helper
2026-04-13T08:06:06  chore: routine maintenance
2026-04-25T15:23:13  docs: clarify usage notes
2026-05-13T10:40:20  test: add edge case
2024-08-15T11:27:57  fix: 60% of the time, it works every time
2024-12-15T18:44:04  docs: here be dragons
2025-01-20T13:01:11  feat: with great power comes great test coverage
2025-05-06T08:18:18  chore: one does not simply skip CI
